source 'http://rubygems.org'

gem 'rspec', '~> 3.0'
